release:
    name: 'kube_release'
    require:
        kube: 'aVersion'
    repositories:
        kube:
            source: 'local'
            local:
                path: '../'
