level=fatal msg="schemautil: compile dir: open ../schema/main.json: no such file or directory"
