# Source: kube_release/charts/kube/templates/dockerconfig_secrets.yaml
apiVersion: v1
kind: Secret
type: kubernetes.io/dockerconfigjson
metadata:
  name: "foo-secret"
  labels:
    fooLbl: "fooLblVal"
  annotations:
    fooAnnot: "fooAnnotVal"
data:
  .dockerconfigjson: eyJhdXRocyI6eyJmb28uZXhhbXBsZS5jb20iOnsicGFzc3dvcmQiOiJmb29QYXNzd29yZCIsInVzZXJuYW1lIjoiZm9vVXNlcm5hbWUifX19
