
---
# Source: kube_goodies_release/charts/kube_goodies/templates/docker-config-secrets.yaml
apiVersion: v1
kind: Secret
type: kubernetes.io/dockerconfigjson
metadata:
  name: "RELEASE-NAME-foo-registry-secret"
  labels:
    release: "RELEASE-NAME"
    app: "none"
    tier: "kube_goodies"
  annotations:
    "helm.sh/hook": pre-install,pre-upgrade
data:
  .dockerconfigjson: eyJhdXRocyI6eyJiYXIucmVnaXN0cnkiOnsicGFzc3dvcmQiOiJhQmFyUGFzcyIsInVzZXJuYW1lIjoiYUJhclVzZXIifSwiZm9vLnJlZ2lzdHJ5Ijp7InBhc3N3b3JkIjoiYUZvb1Bhc3MiLCJ1c2VybmFtZSI6ImFGb29Vc2VyIn19fQ==
---
# Source: kube_goodies_release/charts/kube_goodies/templates/docker-config-secrets.yaml
apiVersion: v1
kind: Secret
type: kubernetes.io/dockerconfigjson
metadata:
  name: "RELEASE-NAME-another-registry-secret"
  labels:
    release: "RELEASE-NAME"
    app: "none"
    tier: "kube_goodies"
  annotations:
    "helm.sh/hook": pre-install,pre-upgrade
data:
  .dockerconfigjson: eyJhdXRocyI6eyJhbm90aGVyLnJlZ2lzdHJ5Ijp7InBhc3N3b3JkIjoiYW5vdGhlclBhc3MiLCJ1c2VybmFtZSI6ImFub3RoZXJVc2VyIn19fQ==
