
---
# Source: kube_goodies_release/charts/kube_goodies/templates/secrets.yaml
apiVersion: v1
kind: Secret
metadata:
  name: "RELEASE-NAME-foo_secret"
  labels:
    release: "RELEASE-NAME"
    app: "none"
    tier: "kube_goodies"
  annotations:
    "helm.sh/hook": pre-install,pre-upgrade
stringData:
  fooKey: "fooValue"
  barKey: "barValue"
