kube_goodies:
    # [REQUIRED]: object.
    dockerconfig_secrets: []
    secrets: []
release:
    name: 'kube_goodies_release'
    helm:
        enabled: true
        chart:
            version: '0.1.2'
            description: 'aDescription'
        context: ''
        namespace: ''
        release: ''
        deploy: ['kube_goodies']
    require:
        kube_goodies: 'aVersion'
    repositories:
        kube_goodies:
            source: 'local'
            local:
                path: '../'
